Archive member included to satisfy reference by file (symbol)

x:/stm32cubeide_1.5.0/stm32cubeide/plugins/com.st.stm32cube.ide.mcu.externaltools.gnu-tools-for-stm32.7-2018-q2-update.win32_1.5.0.202011040924/tools/bin/../lib/gcc/arm-none-eabi/7.3.1/../../../../arm-none-eabi/lib/thumb/v7e-m/fpv4-sp/hard\libc_nano.a(lib_a-errno.o)
                              Core/Src/syscalls.o (__errno)
x:/stm32cubeide_1.5.0/stm32cubeide/plugins/com.st.stm32cube.ide.mcu.externaltools.gnu-tools-for-stm32.7-2018-q2-update.win32_1.5.0.202011040924/tools/bin/../lib/gcc/arm-none-eabi/7.3.1/../../../../arm-none-eabi/lib/thumb/v7e-m/fpv4-sp/hard\libc_nano.a(lib_a-exit.o)
                              x:/stm32cubeide_1.5.0/stm32cubeide/plugins/com.st.stm32cube.ide.mcu.externaltools.gnu-tools-for-stm32.7-2018-q2-update.win32_1.5.0.202011040924/tools/bin/../lib/gcc/arm-none-eabi/7.3.1/../../../../arm-none-eabi/lib/thumb/v7e-m/fpv4-sp/hard/crt0.o (exit)
x:/stm32cubeide_1.5.0/stm32cubeide/plugins/com.st.stm32cube.ide.mcu.externaltools.gnu-tools-for-stm32.7-2018-q2-update.win32_1.5.0.202011040924/tools/bin/../lib/gcc/arm-none-eabi/7.3.1/../../../../arm-none-eabi/lib/thumb/v7e-m/fpv4-sp/hard\libc_nano.a(lib_a-impure.o)
                              x:/stm32cubeide_1.5.0/stm32cubeide/plugins/com.st.stm32cube.ide.mcu.externaltools.gnu-tools-for-stm32.7-2018-q2-update.win32_1.5.0.202011040924/tools/bin/../lib/gcc/arm-none-eabi/7.3.1/../../../../arm-none-eabi/lib/thumb/v7e-m/fpv4-sp/hard\libc_nano.a(lib_a-exit.o) (_global_impure_ptr)
x:/stm32cubeide_1.5.0/stm32cubeide/plugins/com.st.stm32cube.ide.mcu.externaltools.gnu-tools-for-stm32.7-2018-q2-update.win32_1.5.0.202011040924/tools/bin/../lib/gcc/arm-none-eabi/7.3.1/../../../../arm-none-eabi/lib/thumb/v7e-m/fpv4-sp/hard\libc_nano.a(lib_a-init.o)
                              x:/stm32cubeide_1.5.0/stm32cubeide/plugins/com.st.stm32cube.ide.mcu.externaltools.gnu-tools-for-stm32.7-2018-q2-update.win32_1.5.0.202011040924/tools/bin/../lib/gcc/arm-none-eabi/7.3.1/../../../../arm-none-eabi/lib/thumb/v7e-m/fpv4-sp/hard/crt0.o (__libc_init_array)
x:/stm32cubeide_1.5.0/stm32cubeide/plugins/com.st.stm32cube.ide.mcu.externaltools.gnu-tools-for-stm32.7-2018-q2-update.win32_1.5.0.202011040924/tools/bin/../lib/gcc/arm-none-eabi/7.3.1/../../../../arm-none-eabi/lib/thumb/v7e-m/fpv4-sp/hard\libc_nano.a(lib_a-memcpy-stub.o)
                              Core/Src/pb_dp0_pcb.o (memcpy)
x:/stm32cubeide_1.5.0/stm32cubeide/plugins/com.st.stm32cube.ide.mcu.externaltools.gnu-tools-for-stm32.7-2018-q2-update.win32_1.5.0.202011040924/tools/bin/../lib/gcc/arm-none-eabi/7.3.1/../../../../arm-none-eabi/lib/thumb/v7e-m/fpv4-sp/hard\libc_nano.a(lib_a-memset.o)
                              x:/stm32cubeide_1.5.0/stm32cubeide/plugins/com.st.stm32cube.ide.mcu.externaltools.gnu-tools-for-stm32.7-2018-q2-update.win32_1.5.0.202011040924/tools/bin/../lib/gcc/arm-none-eabi/7.3.1/../../../../arm-none-eabi/lib/thumb/v7e-m/fpv4-sp/hard/crt0.o (memset)
x:/stm32cubeide_1.5.0/stm32cubeide/plugins/com.st.stm32cube.ide.mcu.externaltools.gnu-tools-for-stm32.7-2018-q2-update.win32_1.5.0.202011040924/tools/bin/../lib/gcc/arm-none-eabi/7.3.1/thumb/v7e-m/fpv4-sp/hard\libgcc.a(_aeabi_uldivmod.o)
                              Drivers/STM32F4xx_HAL_Driver/Src/stm32f4xx_hal_rcc.o (__aeabi_uldivmod)
x:/stm32cubeide_1.5.0/stm32cubeide/plugins/com.st.stm32cube.ide.mcu.externaltools.gnu-tools-for-stm32.7-2018-q2-update.win32_1.5.0.202011040924/tools/bin/../lib/gcc/arm-none-eabi/7.3.1/thumb/v7e-m/fpv4-sp/hard\libgcc.a(_udivmoddi4.o)
                              x:/stm32cubeide_1.5.0/stm32cubeide/plugins/com.st.stm32cube.ide.mcu.externaltools.gnu-tools-for-stm32.7-2018-q2-update.win32_1.5.0.202011040924/tools/bin/../lib/gcc/arm-none-eabi/7.3.1/thumb/v7e-m/fpv4-sp/hard\libgcc.a(_aeabi_uldivmod.o) (__udivmoddi4)
x:/stm32cubeide_1.5.0/stm32cubeide/plugins/com.st.stm32cube.ide.mcu.externaltools.gnu-tools-for-stm32.7-2018-q2-update.win32_1.5.0.202011040924/tools/bin/../lib/gcc/arm-none-eabi/7.3.1/thumb/v7e-m/fpv4-sp/hard\libgcc.a(_dvmd_tls.o)
                              x:/stm32cubeide_1.5.0/stm32cubeide/plugins/com.st.stm32cube.ide.mcu.externaltools.gnu-tools-for-stm32.7-2018-q2-update.win32_1.5.0.202011040924/tools/bin/../lib/gcc/arm-none-eabi/7.3.1/thumb/v7e-m/fpv4-sp/hard\libgcc.a(_aeabi_uldivmod.o) (__aeabi_ldiv0)

Allocating common symbols
Common symbol       size              file

slave_cfg           0x8               Core/Src/main.o
pb_sd1_resp         0x6               Core/Src/main.o
uwTick              0x4               Drivers/STM32F4xx_HAL_Driver/Src/stm32f4xx_hal.o
pFlash              0x20              Drivers/STM32F4xx_HAL_Driver/Src/stm32f4xx_hal_flash.o
htim5               0x40              Core/Src/main.o
hdma_usart1_tx      0x60              Core/Src/main.o
hdma_usart1_rx      0x60              Core/Src/main.o
huart1              0x40              Core/Src/main.o
[...]
Memory Configuration

Name             Origin             Length             Attributes
CCMRAM           0x0000000010000000 0x0000000000010000 xrw
RAM              0x0000000020000000 0x0000000000020000 xrw
FLASH            0x0000000008000000 0x0000000000100000 xr
*default*        0x0000000000000000 0xffffffffffffffff

Linker script and memory map

LOAD x:/stm32cubeide_1.5.0/stm32cubeide/plugins/com.st.stm32cube.ide.mcu.externaltools.gnu-tools-for-stm32.7-2018-q2-update.win32_1.5.0.202011040924/tools/bin/../lib/gcc/arm-none-eabi/7.3.1/thumb/v7e-m/fpv4-sp/hard/crti.o
LOAD x:/stm32cubeide_1.5.0/stm32cubeide/plugins/com.st.stm32cube.ide.mcu.externaltools.gnu-tools-for-stm32.7-2018-q2-update.win32_1.5.0.202011040924/tools/bin/../lib/gcc/arm-none-eabi/7.3.1/thumb/v7e-m/fpv4-sp/hard/crtbegin.o
LOAD x:/stm32cubeide_1.5.0/stm32cubeide/plugins/com.st.stm32cube.ide.mcu.externaltools.gnu-tools-for-stm32.7-2018-q2-update.win32_1.5.0.202011040924/tools/bin/../lib/gcc/arm-none-eabi/7.3.1/../../../../arm-none-eabi/lib/thumb/v7e-m/fpv4-sp/hard/crt0.o
LOAD Core/Src/main.o
LOAD Core/Src/pb_dp0_pcb.o
LOAD Core/Src/stm32f4xx_hal_msp.o
LOAD Core/Src/stm32f4xx_it.o
LOAD Core/Src/syscalls.o
LOAD Core/Src/sysmem.o
LOAD Core/Src/system_stm32f4xx.o
LOAD Core/Startup/startup_stm32f407vgtx.o
LOAD Drivers/STM32F4xx_HAL_Driver/Src/stm32f4xx_hal.o
LOAD Drivers/STM32F4xx_HAL_Driver/Src/stm32f4xx_hal_cortex.o
LOAD Drivers/STM32F4xx_HAL_Driver/Src/stm32f4xx_hal_dma.o
LOAD Drivers/STM32F4xx_HAL_Driver/Src/stm32f4xx_hal_dma_ex.o
LOAD Drivers/STM32F4xx_HAL_Driver/Src/stm32f4xx_hal_exti.o
LOAD Drivers/STM32F4xx_HAL_Driver/Src/stm32f4xx_hal_flash.o
LOAD Drivers/STM32F4xx_HAL_Driver/Src/stm32f4xx_hal_flash_ex.o
LOAD Drivers/STM32F4xx_HAL_Driver/Src/stm32f4xx_hal_flash_ramfunc.o
LOAD Drivers/STM32F4xx_HAL_Driver/Src/stm32f4xx_hal_gpio.o
LOAD Drivers/STM32F4xx_HAL_Driver/Src/stm32f4xx_hal_pwr.o
LOAD Drivers/STM32F4xx_HAL_Driver/Src/stm32f4xx_hal_pwr_ex.o
LOAD Drivers/STM32F4xx_HAL_Driver/Src/stm32f4xx_hal_rcc.o
LOAD Drivers/STM32F4xx_HAL_Driver/Src/stm32f4xx_hal_rcc_ex.o
LOAD Drivers/STM32F4xx_HAL_Driver/Src/stm32f4xx_hal_tim.o
LOAD Drivers/STM32F4xx_HAL_Driver/Src/stm32f4xx_hal_tim_ex.o
LOAD Drivers/STM32F4xx_HAL_Driver/Src/stm32f4xx_hal_uart.o
START GROUP
LOAD x:/stm32cubeide_1.5.0/stm32cubeide/plugins/com.st.stm32cube.ide.mcu.externaltools.gnu-tools-for-stm32.7-2018-q2-update.win32_1.5.0.202011040924/tools/bin/../lib/gcc/arm-none-eabi/7.3.1/../../../../arm-none-eabi/lib/thumb/v7e-m/fpv4-sp/hard\libc_nano.a
LOAD x:/stm32cubeide_1.5.0/stm32cubeide/plugins/com.st.stm32cube.ide.mcu.externaltools.gnu-tools-for-stm32.7-2018-q2-update.win32_1.5.0.202011040924/tools/bin/../lib/gcc/arm-none-eabi/7.3.1/../../../../arm-none-eabi/lib/thumb/v7e-m/fpv4-sp/hard\libm.a
END GROUP
START GROUP
LOAD x:/stm32cubeide_1.5.0/stm32cubeide/plugins/com.st.stm32cube.ide.mcu.externaltools.gnu-tools-for-stm32.7-2018-q2-update.win32_1.5.0.202011040924/tools/bin/../lib/gcc/arm-none-eabi/7.3.1/thumb/v7e-m/fpv4-sp/hard\libgcc.a
LOAD x:/stm32cubeide_1.5.0/stm32cubeide/plugins/com.st.stm32cube.ide.mcu.externaltools.gnu-tools-for-stm32.7-2018-q2-update.win32_1.5.0.202011040924/tools/bin/../lib/gcc/arm-none-eabi/7.3.1/../../../../arm-none-eabi/lib/thumb/v7e-m/fpv4-sp/hard\libc_nano.a
END GROUP
START GROUP
LOAD x:/stm32cubeide_1.5.0/stm32cubeide/plugins/com.st.stm32cube.ide.mcu.externaltools.gnu-tools-for-stm32.7-2018-q2-update.win32_1.5.0.202011040924/tools/bin/../lib/gcc/arm-none-eabi/7.3.1/thumb/v7e-m/fpv4-sp/hard\libgcc.a
LOAD x:/stm32cubeide_1.5.0/stm32cubeide/plugins/com.st.stm32cube.ide.mcu.externaltools.gnu-tools-for-stm32.7-2018-q2-update.win32_1.5.0.202011040924/tools/bin/../lib/gcc/arm-none-eabi/7.3.1/../../../../arm-none-eabi/lib/thumb/v7e-m/fpv4-sp/hard\libc_nano.a
LOAD x:/stm32cubeide_1.5.0/stm32cubeide/plugins/com.st.stm32cube.ide.mcu.externaltools.gnu-tools-for-stm32.7-2018-q2-update.win32_1.5.0.202011040924/tools/bin/../lib/gcc/arm-none-eabi/7.3.1/../../../../arm-none-eabi/lib/thumb/v7e-m/fpv4-sp/hard\libnosys.a
END GROUP
START GROUP
LOAD x:/stm32cubeide_1.5.0/stm32cubeide/plugins/com.st.stm32cube.ide.mcu.externaltools.gnu-tools-for-stm32.7-2018-q2-update.win32_1.5.0.202011040924/tools/bin/../lib/gcc/arm-none-eabi/7.3.1/thumb/v7e-m/fpv4-sp/hard\libgcc.a
LOAD x:/stm32cubeide_1.5.0/stm32cubeide/plugins/com.st.stm32cube.ide.mcu.externaltools.gnu-tools-for-stm32.7-2018-q2-update.win32_1.5.0.202011040924/tools/bin/../lib/gcc/arm-none-eabi/7.3.1/../../../../arm-none-eabi/lib/thumb/v7e-m/fpv4-sp/hard\libc_nano.a
LOAD x:/stm32cubeide_1.5.0/stm32cubeide/plugins/com.st.stm32cube.ide.mcu.externaltools.gnu-tools-for-stm32.7-2018-q2-update.win32_1.5.0.202011040924/tools/bin/../lib/gcc/arm-none-eabi/7.3.1/../../../../arm-none-eabi/lib/thumb/v7e-m/fpv4-sp/hard\libnosys.a
END GROUP
LOAD x:/stm32cubeide_1.5.0/stm32cubeide/plugins/com.st.stm32cube.ide.mcu.externaltools.gnu-tools-for-stm32.7-2018-q2-update.win32_1.5.0.202011040924/tools/bin/../lib/gcc/arm-none-eabi/7.3.1/thumb/v7e-m/fpv4-sp/hard/crtend.o
LOAD x:/stm32cubeide_1.5.0/stm32cubeide/plugins/com.st.stm32cube.ide.mcu.externaltools.gnu-tools-for-stm32.7-2018-q2-update.win32_1.5.0.202011040924/tools/bin/../lib/gcc/arm-none-eabi/7.3.1/thumb/v7e-m/fpv4-sp/hard/crtn.o
                0x0000000020020000                _estack = (ORIGIN (RAM) + LENGTH (RAM))
                0x0000000000000200                _Min_Heap_Size = 0x200
                0x0000000000000400                _Min_Stack_Size = 0x400

.isr_vector     0x0000000008000000      0x188
                0x0000000008000000                . = ALIGN (0x4)
 *(.isr_vector)
 .isr_vector    0x0000000008000000      0x188 Core/Startup/startup_stm32f407vgtx.o
                0x0000000008000000                g_pfnVectors
                0x0000000008000188                . = ALIGN (0x4)

.text           0x0000000008000188     0x3a4c
                0x0000000008000188                . = ALIGN (0x4)
 *(.text)
 .text          0x0000000008000188       0x40 x:/stm32cubeide_1.5.0/stm32cubeide/plugins/com.st.stm32cube.ide.mcu.externaltools.gnu-tools-for-stm32.7-2018-q2-update.win32_1.5.0.202011040924/tools/bin/../lib/gcc/arm-none-eabi/7.3.1/thumb/v7e-m/fpv4-sp/hard/crtbegin.o
 .text          0x00000000080001c8       0x30 x:/stm32cubeide_1.5.0/stm32cubeide/plugins/com.st.stm32cube.ide.mcu.externaltools.gnu-tools-for-stm32.7-2018-q2-update.win32_1.5.0.202011040924/tools/bin/../lib/gcc/arm-none-eabi/7.3.1/thumb/v7e-m/fpv4-sp/hard\libgcc.a(_aeabi_uldivmod.o)
                0x00000000080001c8                __aeabi_uldivmod
 .text          0x00000000080001f8      0x2cc x:/stm32cubeide_1.5.0/stm32cubeide/plugins/com.st.stm32cube.ide.mcu.externaltools.gnu-tools-for-stm32.7-2018-q2-update.win32_1.5.0.202011040924/tools/bin/../lib/gcc/arm-none-eabi/7.3.1/thumb/v7e-m/fpv4-sp/hard\libgcc.a(_udivmoddi4.o)
                0x00000000080001f8                __udivmoddi4
 .text          0x00000000080004c4        0x4 x:/stm32cubeide_1.5.0/stm32cubeide/plugins/com.st.stm32cube.ide.mcu.externaltools.gnu-tools-for-stm32.7-2018-q2-update.win32_1.5.0.202011040924/tools/bin/../lib/gcc/arm-none-eabi/7.3.1/thumb/v7e-m/fpv4-sp/hard\libgcc.a(_dvmd_tls.o)
                0x00000000080004c4                __aeabi_idiv0
                0x00000000080004c4                __aeabi_ldiv0
 *(.text*)
 .text.main     0x00000000080004c8       0x74 Core/Src/main.o
                0x00000000080004c8                main
 .text.SystemClock_Config
                0x000000000800053c       0xd4 Core/Src/main.o
                0x000000000800053c                SystemClock_Config
 .text.MX_TIM2_Init
                0x0000000008000610       0x98 Core/Src/main.o
 .text.MX_TIM5_Init
                0x00000000080006a8       0xb0 Core/Src/main.o
 .text.MX_USART1_UART_Init
                0x0000000008000758       0x58 Core/Src/main.o
 .text.MX_DMA_Init
                0x00000000080007b0       0x50 Core/Src/main.o
 .text.MX_GPIO_Init
                0x0000000008000800       0x94 Core/Src/main.o
 .text.Error_Handler
                0x0000000008000894        0x8 Core/Src/main.o
                0x0000000008000894                Error_Handler
 .text.minTSDR_stop
                0x000000000800089c       0x40 Core/Src/pb_dp0_pcb.o
 .text.WDOG_start
                0x00000000080008dc       0x58 Core/Src/pb_dp0_pcb.o
 .text.WDOG_update
                0x0000000008000934       0x18 Core/Src/pb_dp0_pcb.o
 .text.checksum_calc
                0x000000000800094c       0x40 Core/Src/pb_dp0_pcb.o
                0x000000000800094c                checksum_calc
 .text.checksum_check
                0x000000000800098c       0x80 Core/Src/pb_dp0_pcb.o
                0x000000000800098c                checksum_check
 .text.pb_tx_config
                0x0000000008000a0c       0x68 Core/Src/pb_dp0_pcb.o
                0x0000000008000a0c                pb_tx_config
 .text.pb_rx_config
                0x0000000008000a74       0x68 Core/Src/pb_dp0_pcb.o
                0x0000000008000a74                pb_rx_config
 .text.pb_dp0_pcb
                0x0000000008000adc      0x590 Core/Src/pb_dp0_pcb.o
                0x0000000008000adc                pb_dp0_pcb
 .text.transceiver_init
                0x000000000800106c       0x58 Core/Src/pb_dp0_pcb.o
                0x000000000800106c                transceiver_init
 .text.wdog_trig_cb
                0x00000000080010c4        0xe Core/Src/pb_dp0_pcb.o
                0x00000000080010c4                wdog_trig_cb
 .text.dev_CDXCH_cb
                0x00000000080010d2        0xe Core/Src/pb_dp0_pcb.o
                0x00000000080010d2                dev_CDXCH_cb
 .text.data_ready_RW_cb
                0x00000000080010e0        0xe Core/Src/pb_dp0_pcb.o
                0x00000000080010e0                data_ready_RW_cb
 *fill*         0x00000000080010ee        0x2 
 .text.pb_dp0_pcb_init
                0x00000000080010f0      0x294 Core/Src/pb_dp0_pcb.o
                0x00000000080010f0                pb_dp0_pcb_init
 .text.delay_us
                0x0000000008001384       0x5e Core/Src/pb_dp0_pcb.o
                0x0000000008001384                delay_us
 *fill*         0x00000000080013e2        0x2 
 .text.HAL_MspInit
                0x00000000080013e4       0x50 Core/Src/stm32f4xx_hal_msp.o
                0x00000000080013e4                HAL_MspInit
 .text.HAL_TIM_Base_MspInit
                0x0000000008001434       0x78 Core/Src/stm32f4xx_hal_msp.o
                0x0000000008001434                HAL_TIM_Base_MspInit
 .text.HAL_UART_MspInit
                0x00000000080014ac      0x16c Core/Src/stm32f4xx_hal_msp.o
                0x00000000080014ac                HAL_UART_MspInit
 .text.minTSDR_start
                0x0000000008001618       0x38 Core/Src/stm32f4xx_it.o
 .text.WDOG_stop
                0x0000000008001650       0x14 Core/Src/stm32f4xx_it.o
 .text.pb_dp0_pcb_unlock
                0x0000000008001664      0x108 Core/Src/stm32f4xx_it.o
 .text.NMI_Handler
                0x000000000800176c        0x6 Core/Src/stm32f4xx_it.o
                0x000000000800176c                NMI_Handler
 .text.HardFault_Handler
                0x0000000008001772        0x6 Core/Src/stm32f4xx_it.o
                0x0000000008001772                HardFault_Handler
 .text.MemManage_Handler
                0x0000000008001778        0x6 Core/Src/stm32f4xx_it.o
                0x0000000008001778                MemManage_Handler
 .text.BusFault_Handler
                0x000000000800177e        0x6 Core/Src/stm32f4xx_it.o
                0x000000000800177e                BusFault_Handler
 .text.UsageFault_Handler
                0x0000000008001784        0x6 Core/Src/stm32f4xx_it.o
                0x0000000008001784                UsageFault_Handler
 .text.SVC_Handler
                0x000000000800178a        0xe Core/Src/stm32f4xx_it.o
                0x000000000800178a                SVC_Handler
 .text.DebugMon_Handler
                0x0000000008001798        0xe Core/Src/stm32f4xx_it.o
                0x0000000008001798                DebugMon_Handler
 .text.PendSV_Handler
                0x00000000080017a6        0xe Core/Src/stm32f4xx_it.o
                0x00000000080017a6                PendSV_Handler
 .text.SysTick_Handler
                0x00000000080017b4        0xc Core/Src/stm32f4xx_it.o
                0x00000000080017b4                SysTick_Handler
 .text.USART1_IRQHandler
                0x00000000080017c0       0x3c Core/Src/stm32f4xx_it.o
                0x00000000080017c0                USART1_IRQHandler
 .text.TIM5_IRQHandler
                0x00000000080017fc       0x24 Core/Src/stm32f4xx_it.o
                0x00000000080017fc                TIM5_IRQHandler
 .text.DMA2_Stream2_IRQHandler
                0x0000000008001820       0x14 Core/Src/stm32f4xx_it.o
                0x0000000008001820                DMA2_Stream2_IRQHandler
 .text.DMA2_Stream7_IRQHandler
                0x0000000008001834       0x44 Core/Src/stm32f4xx_it.o
                0x0000000008001834                DMA2_Stream7_IRQHandler
 .text.SystemInit
                0x0000000008001878       0x2c Core/Src/system_stm32f4xx.o
                0x0000000008001878                SystemInit
 .text.Reset_Handler
                0x00000000080018a4       0x50 Core/Startup/startup_stm32f407vgtx.o
                0x00000000080018a4                Reset_Handler
 .text.Default_Handler
                0x00000000080018f4        0x2 Core/Startup/startup_stm32f407vgtx.o
                0x00000000080018f4                RTC_Alarm_IRQHandler
                0x00000000080018f4                HASH_RNG_IRQHandler
                0x00000000080018f4                EXTI2_IRQHandler
                0x00000000080018f4                TIM8_CC_IRQHandler
                0x00000000080018f4                TIM1_CC_IRQHandler
                0x00000000080018f4                DMA2_Stream5_IRQHandler
                0x00000000080018f4                DMA1_Stream5_IRQHandler
                0x00000000080018f4                PVD_IRQHandler
                0x00000000080018f4                SDIO_IRQHandler
                0x00000000080018f4                TAMP_STAMP_IRQHandler
                0x00000000080018f4                CAN2_RX1_IRQHandler
                0x00000000080018f4                EXTI3_IRQHandler
                0x00000000080018f4                TIM8_TRG_COM_TIM14_IRQHandler
                0x00000000080018f4                TIM1_UP_TIM10_IRQHandler
                0x00000000080018f4                TIM8_UP_TIM13_IRQHandler
                0x00000000080018f4                I2C3_ER_IRQHandler
                0x00000000080018f4                EXTI0_IRQHandler
                0x00000000080018f4                I2C2_EV_IRQHandler
                0x00000000080018f4                DMA1_Stream2_IRQHandler
                0x00000000080018f4                CAN1_RX0_IRQHandler
                0x00000000080018f4                FPU_IRQHandler
                0x00000000080018f4                OTG_HS_WKUP_IRQHandler
                0x00000000080018f4                CAN2_SCE_IRQHandler
                0x00000000080018f4                SPI1_IRQHandler
                0x00000000080018f4                TIM6_DAC_IRQHandler
                0x00000000080018f4                TIM1_BRK_TIM9_IRQHandler
                0x00000000080018f4                DCMI_IRQHandler
                0x00000000080018f4                CAN2_RX0_IRQHandler
                0x00000000080018f4                DMA2_Stream3_IRQHandler
                0x00000000080018f4                USART6_IRQHandler
                0x00000000080018f4                USART3_IRQHandler
                0x00000000080018f4                CAN1_RX1_IRQHandler
                0x00000000080018f4                UART5_IRQHandler
                0x00000000080018f4                DMA2_Stream0_IRQHandler
                0x00000000080018f4                TIM4_IRQHandler
                0x00000000080018f4                I2C1_EV_IRQHandler
                0x00000000080018f4                DMA1_Stream6_IRQHandler
                0x00000000080018f4                DMA1_Stream1_IRQHandler
                0x00000000080018f4                UART4_IRQHandler
                0x00000000080018f4                TIM3_IRQHandler
                0x00000000080018f4                RCC_IRQHandler
                0x00000000080018f4                TIM8_BRK_TIM12_IRQHandler
                0x00000000080018f4                Default_Handler
                0x00000000080018f4                EXTI15_10_IRQHandler
                0x00000000080018f4                ADC_IRQHandler
                0x00000000080018f4                DMA1_Stream7_IRQHandler
                0x00000000080018f4                TIM7_IRQHandler
                0x00000000080018f4                CAN2_TX_IRQHandler
                0x00000000080018f4                I2C3_EV_IRQHandler
                0x00000000080018f4                EXTI9_5_IRQHandler
                0x00000000080018f4                RTC_WKUP_IRQHandler
                0x00000000080018f4                ETH_WKUP_IRQHandler
                0x00000000080018f4                SPI2_IRQHandler
                0x00000000080018f4                OTG_HS_EP1_IN_IRQHandler
                0x00000000080018f4                DMA1_Stream0_IRQHandler
                0x00000000080018f4                CAN1_TX_IRQHandler
                0x00000000080018f4                EXTI4_IRQHandler
                0x00000000080018f4                FSMC_IRQHandler
                0x00000000080018f4                ETH_IRQHandler
                0x00000000080018f4                OTG_HS_EP1_OUT_IRQHandler
                0x00000000080018f4                WWDG_IRQHandler
                0x00000000080018f4                TIM2_IRQHandler
                0x00000000080018f4                OTG_FS_WKUP_IRQHandler
                0x00000000080018f4                TIM1_TRG_COM_TIM11_IRQHandler
                0x00000000080018f4                OTG_HS_IRQHandler
                0x00000000080018f4                EXTI1_IRQHandler
                0x00000000080018f4                USART2_IRQHandler
                0x00000000080018f4                I2C2_ER_IRQHandler
                0x00000000080018f4                DMA2_Stream1_IRQHandler
                0x00000000080018f4                CAN1_SCE_IRQHandler
                0x00000000080018f4                FLASH_IRQHandler
                0x00000000080018f4                DMA2_Stream4_IRQHandler
                0x00000000080018f4                OTG_FS_IRQHandler
                0x00000000080018f4                SPI3_IRQHandler
                0x00000000080018f4                DMA1_Stream4_IRQHandler
                0x00000000080018f4                I2C1_ER_IRQHandler
                0x00000000080018f4                DMA2_Stream6_IRQHandler
                0x00000000080018f4                DMA1_Stream3_IRQHandler
 *fill*         0x00000000080018f6        0x2 
 .text.HAL_Init
                0x00000000080018f8       0x44 Drivers/STM32F4xx_HAL_Driver/Src/stm32f4xx_hal.o
                0x00000000080018f8                HAL_Init
 .text.HAL_InitTick
                0x000000000800193c       0x60 Drivers/STM32F4xx_HAL_Driver/Src/stm32f4xx_hal.o
                0x000000000800193c                HAL_InitTick
 .text.HAL_IncTick
                0x000000000800199c       0x28 Drivers/STM32F4xx_HAL_Driver/Src/stm32f4xx_hal.o
                0x000000000800199c                HAL_IncTick
 .text.HAL_GetTick
                0x00000000080019c4       0x18 Drivers/STM32F4xx_HAL_Driver/Src/stm32f4xx_hal.o
                0x00000000080019c4                HAL_GetTick
 .text.__NVIC_SetPriorityGrouping
                0x00000000080019dc       0x48 Drivers/STM32F4xx_HAL_Driver/Src/stm32f4xx_hal_cortex.o
 .text.__NVIC_GetPriorityGrouping
                0x0000000008001a24       0x1c Drivers/STM32F4xx_HAL_Driver/Src/stm32f4xx_hal_cortex.o
 .text.__NVIC_EnableIRQ
                0x0000000008001a40       0x3c Drivers/STM32F4xx_HAL_Driver/Src/stm32f4xx_hal_cortex.o
 .text.__NVIC_SetPriority
                0x0000000008001a7c       0x54 Drivers/STM32F4xx_HAL_Driver/Src/stm32f4xx_hal_cortex.o
 .text.NVIC_EncodePriority
                0x0000000008001ad0       0x66 Drivers/STM32F4xx_HAL_Driver/Src/stm32f4xx_hal_cortex.o
 *fill*         0x0000000008001b36        0x2 
 .text.SysTick_Config
                0x0000000008001b38       0x44 Drivers/STM32F4xx_HAL_Driver/Src/stm32f4xx_hal_cortex.o
 .text.HAL_NVIC_SetPriorityGrouping
                0x0000000008001b7c       0x16 Drivers/STM32F4xx_HAL_Driver/Src/stm32f4xx_hal_cortex.o
                0x0000000008001b7c                HAL_NVIC_SetPriorityGrouping
 .text.HAL_NVIC_SetPriority
                0x0000000008001b92       0x38 Drivers/STM32F4xx_HAL_Driver/Src/stm32f4xx_hal_cortex.o
                0x0000000008001b92                HAL_NVIC_SetPriority
 .text.HAL_NVIC_EnableIRQ
                0x0000000008001bca       0x1c Drivers/STM32F4xx_HAL_Driver/Src/stm32f4xx_hal_cortex.o
                0x0000000008001bca                HAL_NVIC_EnableIRQ
 .text.HAL_SYSTICK_Config
                0x0000000008001be6       0x18 Drivers/STM32F4xx_HAL_Driver/Src/stm32f4xx_hal_cortex.o
                0x0000000008001be6                HAL_SYSTICK_Config
 *fill*         0x0000000008001bfe        0x2 
 .text.HAL_DMA_Init
                0x0000000008001c00      0x15c Drivers/STM32F4xx_HAL_Driver/Src/stm32f4xx_hal_dma.o
                0x0000000008001c00                HAL_DMA_Init
 .text.HAL_DMA_IRQHandler
                0x0000000008001d5c      0x314 Drivers/STM32F4xx_HAL_Driver/Src/stm32f4xx_hal_dma.o
                0x0000000008001d5c                HAL_DMA_IRQHandler
 .text.DMA_CalcBaseAndBitshift
                0x0000000008002070       0x6c Drivers/STM32F4xx_HAL_Driver/Src/stm32f4xx_hal_dma.o
 .text.DMA_CheckFifoParam
                0x00000000080020dc       0xf4 Drivers/STM32F4xx_HAL_Driver/Src/stm32f4xx_hal_dma.o
 .text.HAL_GPIO_Init
                0x00000000080021d0      0x334 Drivers/STM32F4xx_HAL_Driver/Src/stm32f4xx_hal_gpio.o
                0x00000000080021d0                HAL_GPIO_Init
 .text.HAL_GPIO_WritePin
                0x0000000008002504       0x32 Drivers/STM32F4xx_HAL_Driver/Src/stm32f4xx_hal_gpio.o
                0x0000000008002504                HAL_GPIO_WritePin
 *fill*         0x0000000008002536        0x2 
 .text.HAL_RCC_OscConfig
                0x0000000008002538      0x4e0 Drivers/STM32F4xx_HAL_Driver/Src/stm32f4xx_hal_rcc.o
                0x0000000008002538                HAL_RCC_OscConfig
 .text.HAL_RCC_ClockConfig
                0x0000000008002a18      0x1cc Drivers/STM32F4xx_HAL_Driver/Src/stm32f4xx_hal_rcc.o
                0x0000000008002a18                HAL_RCC_ClockConfig
 .text.HAL_RCC_GetSysClockFreq
                0x0000000008002be4      0x1b0 Drivers/STM32F4xx_HAL_Driver/Src/stm32f4xx_hal_rcc.o
                0x0000000008002be4                HAL_RCC_GetSysClockFreq
 .text.HAL_RCC_GetHCLKFreq
                0x0000000008002d94       0x18 Drivers/STM32F4xx_HAL_Driver/Src/stm32f4xx_hal_rcc.o
                0x0000000008002d94                HAL_RCC_GetHCLKFreq
 .text.HAL_RCC_GetPCLK1Freq
                0x0000000008002dac       0x28 Drivers/STM32F4xx_HAL_Driver/Src/stm32f4xx_hal_rcc.o
                0x0000000008002dac                HAL_RCC_GetPCLK1Freq
 .text.HAL_RCC_GetPCLK2Freq
                0x0000000008002dd4       0x28 Drivers/STM32F4xx_HAL_Driver/Src/stm32f4xx_hal_rcc.o
                0x0000000008002dd4                HAL_RCC_GetPCLK2Freq
 .text.HAL_TIM_Base_Init
                0x0000000008002dfc       0x56 Drivers/STM32F4xx_HAL_Driver/Src/stm32f4xx_hal_tim.o
                0x0000000008002dfc                HAL_TIM_Base_Init
 .text.HAL_TIM_OnePulse_Init
                0x0000000008002e52       0x78 Drivers/STM32F4xx_HAL_Driver/Src/stm32f4xx_hal_tim.o
                0x0000000008002e52                HAL_TIM_OnePulse_Init
 .text.HAL_TIM_OnePulse_MspInit
                0x0000000008002eca       0x14 Drivers/STM32F4xx_HAL_Driver/Src/stm32f4xx_hal_tim.o
                0x0000000008002eca                HAL_TIM_OnePulse_MspInit
 .text.HAL_TIM_ConfigClockSource
                0x0000000008002ede      0x16e Drivers/STM32F4xx_HAL_Driver/Src/stm32f4xx_hal_tim.o
                0x0000000008002ede                HAL_TIM_ConfigClockSource
 .text.TIM_Base_SetConfig
                0x000000000800304c      0x140 Drivers/STM32F4xx_HAL_Driver/Src/stm32f4xx_hal_tim.o
                0x000000000800304c                TIM_Base_SetConfig
 .text.TIM_TI1_ConfigInputStage
                0x000000000800318c       0x5e Drivers/STM32F4xx_HAL_Driver/Src/stm32f4xx_hal_tim.o
 .text.TIM_TI2_ConfigInputStage
                0x00000000080031ea       0x60 Drivers/STM32F4xx_HAL_Driver/Src/stm32f4xx_hal_tim.o
 .text.TIM_ITRx_SetConfig
                0x000000000800324a       0x36 Drivers/STM32F4xx_HAL_Driver/Src/stm32f4xx_hal_tim.o
 .text.TIM_ETR_SetConfig
                0x0000000008003280       0x40 Drivers/STM32F4xx_HAL_Driver/Src/stm32f4xx_hal_tim.o
                0x0000000008003280                TIM_ETR_SetConfig
 .text.HAL_TIMEx_MasterConfigSynchronization
                0x00000000080032c0       0xf8 Drivers/STM32F4xx_HAL_Driver/Src/stm32f4xx_hal_tim_ex.o
                0x00000000080032c0                HAL_TIMEx_MasterConfigSynchronization
 .text.HAL_UART_Init
                0x00000000080033b8       0x9a Drivers/STM32F4xx_HAL_Driver/Src/stm32f4xx_hal_uart.o
                0x00000000080033b8                HAL_UART_Init
 *fill*         0x0000000008003452        0x2 
 .text.UART_SetConfig
                0x0000000008003454      0x6f8 Drivers/STM32F4xx_HAL_Driver/Src/stm32f4xx_hal_uart.o
 .text.__libc_init_array
                0x0000000008003b4c       0x48 x:/stm32cubeide_1.5.0/stm32cubeide/plugins/com.st.stm32cube.ide.mcu.externaltools.gnu-tools-for-stm32.7-2018-q2-update.win32_1.5.0.202011040924/tools/bin/../lib/gcc/arm-none-eabi/7.3.1/../../../../arm-none-eabi/lib/thumb/v7e-m/fpv4-sp/hard\libc_nano.a(lib_a-init.o)
                0x0000000008003b4c                __libc_init_array
 .text.memcpy   0x0000000008003b94       0x16 x:/stm32cubeide_1.5.0/stm32cubeide/plugins/com.st.stm32cube.ide.mcu.externaltools.gnu-tools-for-stm32.7-2018-q2-update.win32_1.5.0.202011040924/tools/bin/../lib/gcc/arm-none-eabi/7.3.1/../../../../arm-none-eabi/lib/thumb/v7e-m/fpv4-sp/hard\libc_nano.a(lib_a-memcpy-stub.o)
                0x0000000008003b94                memcpy
 .text.memset   0x0000000008003baa       0x10 x:/stm32cubeide_1.5.0/stm32cubeide/plugins/com.st.stm32cube.ide.mcu.externaltools.gnu-tools-for-stm32.7-2018-q2-update.win32_1.5.0.202011040924/tools/bin/../lib/gcc/arm-none-eabi/7.3.1/../../../../arm-none-eabi/lib/thumb/v7e-m/fpv4-sp/hard\libc_nano.a(lib_a-memset.o)
                0x0000000008003baa                memset
 *(.glue_7)
 .glue_7        0x0000000008003bba        0x0 linker stubs
 *(.glue_7t)
 .glue_7t       0x0000000008003bba        0x0 linker stubs
 *(.eh_frame)
 *fill*         0x0000000008003bba        0x2 
 .eh_frame      0x0000000008003bbc        0x0 x:/stm32cubeide_1.5.0/stm32cubeide/plugins/com.st.stm32cube.ide.mcu.externaltools.gnu-tools-for-stm32.7-2018-q2-update.win32_1.5.0.202011040924/tools/bin/../lib/gcc/arm-none-eabi/7.3.1/thumb/v7e-m/fpv4-sp/hard/crtbegin.o
 *(.init)
 .init          0x0000000008003bbc        0x4 x:/stm32cubeide_1.5.0/stm32cubeide/plugins/com.st.stm32cube.ide.mcu.externaltools.gnu-tools-for-stm32.7-2018-q2-update.win32_1.5.0.202011040924/tools/bin/../lib/gcc/arm-none-eabi/7.3.1/thumb/v7e-m/fpv4-sp/hard/crti.o
                0x0000000008003bbc                _init
 .init          0x0000000008003bc0        0x8 x:/stm32cubeide_1.5.0/stm32cubeide/plugins/com.st.stm32cube.ide.mcu.externaltools.gnu-tools-for-stm32.7-2018-q2-update.win32_1.5.0.202011040924/tools/bin/../lib/gcc/arm-none-eabi/7.3.1/thumb/v7e-m/fpv4-sp/hard/crtn.o
 *(.fini)
 .fini          0x0000000008003bc8        0x4 x:/stm32cubeide_1.5.0/stm32cubeide/plugins/com.st.stm32cube.ide.mcu.externaltools.gnu-tools-for-stm32.7-2018-q2-update.win32_1.5.0.202011040924/tools/bin/../lib/gcc/arm-none-eabi/7.3.1/thumb/v7e-m/fpv4-sp/hard/crti.o
                0x0000000008003bc8                _fini
 .fini          0x0000000008003bcc        0x8 x:/stm32cubeide_1.5.0/stm32cubeide/plugins/com.st.stm32cube.ide.mcu.externaltools.gnu-tools-for-stm32.7-2018-q2-update.win32_1.5.0.202011040924/tools/bin/../lib/gcc/arm-none-eabi/7.3.1/thumb/v7e-m/fpv4-sp/hard/crtn.o
                0x0000000008003bd4                . = ALIGN (0x4)
                0x0000000008003bd4                _etext = .

.vfp11_veneer   0x0000000008003bd4        0x0
 .vfp11_veneer  0x0000000008003bd4        0x0 linker stubs

.v4_bx          0x0000000008003bd4        0x0
 .v4_bx         0x0000000008003bd4        0x0 linker stubs

.iplt           0x0000000008003bd4        0x0
 .iplt          0x0000000008003bd4        0x0 x:/stm32cubeide_1.5.0/stm32cubeide/plugins/com.st.stm32cube.ide.mcu.externaltools.gnu-tools-for-stm32.7-2018-q2-update.win32_1.5.0.202011040924/tools/bin/../lib/gcc/arm-none-eabi/7.3.1/thumb/v7e-m/fpv4-sp/hard/crtbegin.o

.rodata         0x0000000008003bd4       0x20
                0x0000000008003bd4                . = ALIGN (0x4)
 *(.rodata)
 *(.rodata*)
 .rodata.AHBPrescTable
                0x0000000008003bd4       0x10 Core/Src/system_stm32f4xx.o
                0x0000000008003bd4                AHBPrescTable
 .rodata.APBPrescTable
                0x0000000008003be4        0x8 Core/Src/system_stm32f4xx.o
                0x0000000008003be4                APBPrescTable
 .rodata.flagBitshiftOffset.8119
                0x0000000008003bec        0x8 Drivers/STM32F4xx_HAL_Driver/Src/stm32f4xx_hal_dma.o
                0x0000000008003bf4                . = ALIGN (0x4)

.ARM.extab      0x0000000008003bf4        0x0
                0x0000000008003bf4                . = ALIGN (0x4)
 *(.ARM.extab* .gnu.linkonce.armextab.*)
                0x0000000008003bf4                . = ALIGN (0x4)

.ARM            0x0000000008003bf4        0x8
                0x0000000008003bf4                . = ALIGN (0x4)
                0x0000000008003bf4                __exidx_start = .
 *(.ARM.exidx*)
 .ARM.exidx     0x0000000008003bf4        0x8 x:/stm32cubeide_1.5.0/stm32cubeide/plugins/com.st.stm32cube.ide.mcu.externaltools.gnu-tools-for-stm32.7-2018-q2-update.win32_1.5.0.202011040924/tools/bin/../lib/gcc/arm-none-eabi/7.3.1/thumb/v7e-m/fpv4-sp/hard\libgcc.a(_udivmoddi4.o)
                0x0000000008003bfc                __exidx_end = .
                0x0000000008003bfc                . = ALIGN (0x4)

.rel.dyn        0x0000000008003bfc        0x0
 .rel.iplt      0x0000000008003bfc        0x0 x:/stm32cubeide_1.5.0/stm32cubeide/plugins/com.st.stm32cube.ide.mcu.externaltools.gnu-tools-for-stm32.7-2018-q2-update.win32_1.5.0.202011040924/tools/bin/../lib/gcc/arm-none-eabi/7.3.1/thumb/v7e-m/fpv4-sp/hard/crtbegin.o

.preinit_array  0x0000000008003bfc        0x0
                0x0000000008003bfc                . = ALIGN (0x4)
                0x0000000008003bfc                PROVIDE (__preinit_array_start = .)
 *(.preinit_array*)
                0x0000000008003bfc                PROVIDE (__preinit_array_end = .)
                0x0000000008003bfc                . = ALIGN (0x4)

.init_array     0x0000000008003bfc        0x4
                0x0000000008003bfc                . = ALIGN (0x4)
                0x0000000008003bfc                PROVIDE (__init_array_start = .)
 *(SORT_BY_NAME(.init_array.*))
 *(.init_array*)
 .init_array    0x0000000008003bfc        0x4 x:/stm32cubeide_1.5.0/stm32cubeide/plugins/com.st.stm32cube.ide.mcu.externaltools.gnu-tools-for-stm32.7-2018-q2-update.win32_1.5.0.202011040924/tools/bin/../lib/gcc/arm-none-eabi/7.3.1/thumb/v7e-m/fpv4-sp/hard/crtbegin.o
                0x0000000008003c00                PROVIDE (__init_array_end = .)
                0x0000000008003c00                . = ALIGN (0x4)

.fini_array     0x0000000008003c00        0x4
                0x0000000008003c00                . = ALIGN (0x4)
                [!provide]                        PROVIDE (__fini_array_start = .)
 *(SORT_BY_NAME(.fini_array.*))
 *(.fini_array*)
 .fini_array    0x0000000008003c00        0x4 x:/stm32cubeide_1.5.0/stm32cubeide/plugins/com.st.stm32cube.ide.mcu.externaltools.gnu-tools-for-stm32.7-2018-q2-update.win32_1.5.0.202011040924/tools/bin/../lib/gcc/arm-none-eabi/7.3.1/thumb/v7e-m/fpv4-sp/hard/crtbegin.o
                [!provide]                        PROVIDE (__fini_array_end = .)
                0x0000000008003c04                . = ALIGN (0x4)
                0x0000000008003c04                _sidata = LOADADDR (.data)

.data           0x0000000020000000        0xc load address 0x0000000008003c04
                0x0000000020000000                . = ALIGN (0x4)
                0x0000000020000000                _sdata = .
 *(.data)
 *(.data*)
 .data.SystemCoreClock
                0x0000000020000000        0x4 Core/Src/system_stm32f4xx.o
                0x0000000020000000                SystemCoreClock
 .data.uwTickPrio
                0x0000000020000004        0x4 Drivers/STM32F4xx_HAL_Driver/Src/stm32f4xx_hal.o
                0x0000000020000004                uwTickPrio
 .data.uwTickFreq
                0x0000000020000008        0x1 Drivers/STM32F4xx_HAL_Driver/Src/stm32f4xx_hal.o
                0x0000000020000008                uwTickFreq
 *(.RamFunc)
 *(.RamFunc*)
                0x000000002000000c                . = ALIGN (0x4)
 *fill*         0x0000000020000009        0x3 
                0x000000002000000c                _edata = .

.igot.plt       0x000000002000000c        0x0 load address 0x0000000008003c10
 .igot.plt      0x000000002000000c        0x0 x:/stm32cubeide_1.5.0/stm32cubeide/plugins/com.st.stm32cube.ide.mcu.externaltools.gnu-tools-for-stm32.7-2018-q2-update.win32_1.5.0.202011040924/tools/bin/../lib/gcc/arm-none-eabi/7.3.1/thumb/v7e-m/fpv4-sp/hard/crtbegin.o
                0x000000002000000c                . = ALIGN (0x4)

.bss            0x000000002000000c      0x5fc load address 0x0000000008003c10
                0x000000002000000c                _sbss = .
                0x000000002000000c                __bss_start__ = _sbss
 *(.bss)
 .bss           0x000000002000000c       0x1c x:/stm32cubeide_1.5.0/stm32cubeide/plugins/com.st.stm32cube.ide.mcu.externaltools.gnu-tools-for-stm32.7-2018-q2-update.win32_1.5.0.202011040924/tools/bin/../lib/gcc/arm-none-eabi/7.3.1/thumb/v7e-m/fpv4-sp/hard/crtbegin.o
 *(.bss*)
 .bss.my_input_buf
                0x0000000020000028      0x100 Core/Src/main.o
                0x0000000020000028                my_input_buf
 .bss.my_output_buf
                0x0000000020000128      0x100 Core/Src/main.o
                0x0000000020000128                my_output_buf
 .bss.tmp       0x0000000020000228        0x1 Core/Src/pb_dp0_pcb.o
                0x0000000020000228                tmp
 *(COMMON)
 *fill*         0x0000000020000229        0x3 
 COMMON         0x000000002000022c      0x3d5 Core/Src/main.o
                0x000000002000022c                slave_cfg
                0x0000000020000234                pb_sd1_resp
                0x000000002000023c                htim5
                0x000000002000027c                hdma_usart1_tx
                0x00000000200002dc                hdma_usart1_rx
                0x000000002000033c                huart1
                0x000000002000037c                pb_pcb
                0x00000000200004bc                dev_config
                0x00000000200004c0                htim2
                0x0000000020000500                pb_short_resp
                0x0000000020000504                pb_sd2_resp
 *fill*         0x0000000020000601        0x3 
 COMMON         0x0000000020000604        0x4 Drivers/STM32F4xx_HAL_Driver/Src/stm32f4xx_hal.o
                0x0000000020000604                uwTick
                0x0000000020000608                . = ALIGN (0x4)
                0x0000000020000608                _ebss = .
                0x0000000020000608                __bss_end__ = _ebss

._user_heap_stack
                0x0000000020000608      0x600 load address 0x0000000008003c10
                0x0000000020000608                . = ALIGN (0x8)
                [!provide]                        PROVIDE (end = .)
                0x0000000020000608                PROVIDE (_end = .)
                0x0000000020000808                . = (. + _Min_Heap_Size)
 *fill*         0x0000000020000608      0x200 
                0x0000000020000c08                . = (. + _Min_Stack_Size)
 *fill*         0x0000000020000808      0x400 
                0x0000000020000c08                . = ALIGN (0x8)

/DISCARD/
 libc.a(*)
 libm.a(*)
 libgcc.a(*)

.ARM.attributes
                0x0000000000000000       0x30
 *(.ARM.attributes)
 .ARM.attributes
                0x0000000000000000       0x22 x:/stm32cubeide_1.5.0/stm32cubeide/plugins/com.st.stm32cube.ide.mcu.externaltools.gnu-tools-for-stm32.7-2018-q2-update.win32_1.5.0.202011040924/tools/bin/../lib/gcc/arm-none-eabi/7.3.1/thumb/v7e-m/fpv4-sp/hard/crti.o
 .ARM.attributes
                0x0000000000000022       0x34 x:/stm32cubeide_1.5.0/stm32cubeide/plugins/com.st.stm32cube.ide.mcu.externaltools.gnu-tools-for-stm32.7-2018-q2-update.win32_1.5.0.202011040924/tools/bin/../lib/gcc/arm-none-eabi/7.3.1/thumb/v7e-m/fpv4-sp/hard/crtbegin.o
 .ARM.attributes
                0x0000000000000056       0x39 Core/Src/main.o
 .ARM.attributes
                0x000000000000008f       0x39 Core/Src/pb_dp0_pcb.o
 .ARM.attributes
                0x00000000000000c8       0x39 Core/Src/stm32f4xx_hal_msp.o
 .ARM.attributes
                0x0000000000000101       0x39 Core/Src/stm32f4xx_it.o
 .ARM.attributes
                0x000000000000013a       0x39 Core/Src/system_stm32f4xx.o
 .ARM.attributes
                0x0000000000000173       0x21 Core/Startup/startup_stm32f407vgtx.o
 .ARM.attributes
                0x0000000000000194       0x39 Drivers/STM32F4xx_HAL_Driver/Src/stm32f4xx_hal.o
 .ARM.attributes
                0x00000000000001cd       0x39 Drivers/STM32F4xx_HAL_Driver/Src/stm32f4xx_hal_cortex.o
 .ARM.attributes
                0x0000000000000206       0x39 Drivers/STM32F4xx_HAL_Driver/Src/stm32f4xx_hal_dma.o
 .ARM.attributes
                0x000000000000023f       0x39 Drivers/STM32F4xx_HAL_Driver/Src/stm32f4xx_hal_gpio.o
 .ARM.attributes
                0x0000000000000278       0x39 Drivers/STM32F4xx_HAL_Driver/Src/stm32f4xx_hal_rcc.o
 .ARM.attributes
                0x00000000000002b1       0x39 Drivers/STM32F4xx_HAL_Driver/Src/stm32f4xx_hal_tim.o
 .ARM.attributes
                0x00000000000002ea       0x39 Drivers/STM32F4xx_HAL_Driver/Src/stm32f4xx_hal_tim_ex.o
 .ARM.attributes
                0x0000000000000323       0x39 Drivers/STM32F4xx_HAL_Driver/Src/stm32f4xx_hal_uart.o
 .ARM.attributes
                0x000000000000035c       0x34 x:/stm32cubeide_1.5.0/stm32cubeide/plugins/com.st.stm32cube.ide.mcu.externaltools.gnu-tools-for-stm32.7-2018-q2-update.win32_1.5.0.202011040924/tools/bin/../lib/gcc/arm-none-eabi/7.3.1/../../../../arm-none-eabi/lib/thumb/v7e-m/fpv4-sp/hard\libc_nano.a(lib_a-init.o)
 .ARM.attributes
                0x0000000000000390       0x34 x:/stm32cubeide_1.5.0/stm32cubeide/plugins/com.st.stm32cube.ide.mcu.externaltools.gnu-tools-for-stm32.7-2018-q2-update.win32_1.5.0.202011040924/tools/bin/../lib/gcc/arm-none-eabi/7.3.1/../../../../arm-none-eabi/lib/thumb/v7e-m/fpv4-sp/hard\libc_nano.a(lib_a-memcpy-stub.o)
 .ARM.attributes
                0x00000000000003c4       0x34 x:/stm32cubeide_1.5.0/stm32cubeide/plugins/com.st.stm32cube.ide.mcu.externaltools.gnu-tools-for-stm32.7-2018-q2-update.win32_1.5.0.202011040924/tools/bin/../lib/gcc/arm-none-eabi/7.3.1/../../../../arm-none-eabi/lib/thumb/v7e-m/fpv4-sp/hard\libc_nano.a(lib_a-memset.o)
 .ARM.attributes
                0x00000000000003f8       0x22 x:/stm32cubeide_1.5.0/stm32cubeide/plugins/com.st.stm32cube.ide.mcu.externaltools.gnu-tools-for-stm32.7-2018-q2-update.win32_1.5.0.202011040924/tools/bin/../lib/gcc/arm-none-eabi/7.3.1/thumb/v7e-m/fpv4-sp/hard\libgcc.a(_aeabi_uldivmod.o)
 .ARM.attributes
                0x000000000000041a       0x34 x:/stm32cubeide_1.5.0/stm32cubeide/plugins/com.st.stm32cube.ide.mcu.externaltools.gnu-tools-for-stm32.7-2018-q2-update.win32_1.5.0.202011040924/tools/bin/../lib/gcc/arm-none-eabi/7.3.1/thumb/v7e-m/fpv4-sp/hard\libgcc.a(_udivmoddi4.o)
 .ARM.attributes
                0x000000000000044e       0x22 x:/stm32cubeide_1.5.0/stm32cubeide/plugins/com.st.stm32cube.ide.mcu.externaltools.gnu-tools-for-stm32.7-2018-q2-update.win32_1.5.0.202011040924/tools/bin/../lib/gcc/arm-none-eabi/7.3.1/thumb/v7e-m/fpv4-sp/hard\libgcc.a(_dvmd_tls.o)
 .ARM.attributes
                0x0000000000000470       0x22 x:/stm32cubeide_1.5.0/stm32cubeide/plugins/com.st.stm32cube.ide.mcu.externaltools.gnu-tools-for-stm32.7-2018-q2-update.win32_1.5.0.202011040924/tools/bin/../lib/gcc/arm-none-eabi/7.3.1/thumb/v7e-m/fpv4-sp/hard/crtn.o
OUTPUT(PB_test.elf elf32-littlearm)

.debug_info     0x0000000000000000     0xda2f
 .debug_info    0x0000000000000000     0x1e93 Core/Src/main.o
 .debug_info    0x0000000000001e93     0x156c Core/Src/pb_dp0_pcb.o
 .debug_info    0x00000000000033ff      0xe95 Core/Src/stm32f4xx_hal_msp.o
 .debug_info    0x0000000000004294     0x184b Core/Src/stm32f4xx_it.o
 .debug_info    0x0000000000005adf      0x554 Core/Src/system_stm32f4xx.o
 .debug_info    0x0000000000006033       0x22 Core/Startup/startup_stm32f407vgtx.o
 .debug_info    0x0000000000006055      0x945 Drivers/STM32F4xx_HAL_Driver/Src/stm32f4xx_hal.o
 .debug_info    0x000000000000699a      0xe28 Drivers/STM32F4xx_HAL_Driver/Src/stm32f4xx_hal_cortex.o
 .debug_info    0x00000000000077c2      0x968 Drivers/STM32F4xx_HAL_Driver/Src/stm32f4xx_hal_dma.o
 .debug_info    0x000000000000812a      0x7b5 Drivers/STM32F4xx_HAL_Driver/Src/stm32f4xx_hal_gpio.o
 .debug_info    0x00000000000088df      0x904 Drivers/STM32F4xx_HAL_Driver/Src/stm32f4xx_hal_rcc.o
 .debug_info    0x00000000000091e3     0x24a9 Drivers/STM32F4xx_HAL_Driver/Src/stm32f4xx_hal_tim.o
 .debug_info    0x000000000000b68c     0x1157 Drivers/STM32F4xx_HAL_Driver/Src/stm32f4xx_hal_tim_ex.o
 .debug_info    0x000000000000c7e3     0x124c Drivers/STM32F4xx_HAL_Driver/Src/stm32f4xx_hal_uart.o

.debug_abbrev   0x0000000000000000     0x1d33
 .debug_abbrev  0x0000000000000000      0x2ef Core/Src/main.o
 .debug_abbrev  0x00000000000002ef      0x356 Core/Src/pb_dp0_pcb.o
 .debug_abbrev  0x0000000000000645      0x1a6 Core/Src/stm32f4xx_hal_msp.o
 .debug_abbrev  0x00000000000007eb      0x283 Core/Src/stm32f4xx_it.o
 .debug_abbrev  0x0000000000000a6e      0x12b Core/Src/system_stm32f4xx.o
 .debug_abbrev  0x0000000000000b99       0x12 Core/Startup/startup_stm32f407vgtx.o
 .debug_abbrev  0x0000000000000bab      0x1c7 Drivers/STM32F4xx_HAL_Driver/Src/stm32f4xx_hal.o
 .debug_abbrev  0x0000000000000d72      0x2fa Drivers/STM32F4xx_HAL_Driver/Src/stm32f4xx_hal_cortex.o
 .debug_abbrev  0x000000000000106c      0x229 Drivers/STM32F4xx_HAL_Driver/Src/stm32f4xx_hal_dma.o
 .debug_abbrev  0x0000000000001295      0x1c9 Drivers/STM32F4xx_HAL_Driver/Src/stm32f4xx_hal_gpio.o
 .debug_abbrev  0x000000000000145e      0x245 Drivers/STM32F4xx_HAL_Driver/Src/stm32f4xx_hal_rcc.o
 .debug_abbrev  0x00000000000016a3      0x230 Drivers/STM32F4xx_HAL_Driver/Src/stm32f4xx_hal_tim.o
 .debug_abbrev  0x00000000000018d3      0x21e Drivers/STM32F4xx_HAL_Driver/Src/stm32f4xx_hal_tim_ex.o
 .debug_abbrev  0x0000000000001af1      0x242 Drivers/STM32F4xx_HAL_Driver/Src/stm32f4xx_hal_uart.o

.debug_aranges  0x0000000000000000      0xc48
 .debug_aranges
                0x0000000000000000       0x58 Core/Src/main.o
 .debug_aranges
                0x0000000000000058       0x88 Core/Src/pb_dp0_pcb.o
 .debug_aranges
                0x00000000000000e0       0x40 Core/Src/stm32f4xx_hal_msp.o
 .debug_aranges
                0x0000000000000120       0x98 Core/Src/stm32f4xx_it.o
 .debug_aranges
                0x00000000000001b8       0x28 Core/Src/system_stm32f4xx.o
 .debug_aranges
                0x00000000000001e0       0x28 Core/Startup/startup_stm32f407vgtx.o
 .debug_aranges
                0x0000000000000208       0xf0 Drivers/STM32F4xx_HAL_Driver/Src/stm32f4xx_hal.o
 .debug_aranges
                0x00000000000002f8      0x118 Drivers/STM32F4xx_HAL_Driver/Src/stm32f4xx_hal_cortex.o
 .debug_aranges
                0x0000000000000410       0x90 Drivers/STM32F4xx_HAL_Driver/Src/stm32f4xx_hal_dma.o
 .debug_aranges
                0x00000000000004a0       0x58 Drivers/STM32F4xx_HAL_Driver/Src/stm32f4xx_hal_gpio.o
 .debug_aranges
                0x00000000000004f8       0x88 Drivers/STM32F4xx_HAL_Driver/Src/stm32f4xx_hal_rcc.o
 .debug_aranges
                0x0000000000000580      0x3a8 Drivers/STM32F4xx_HAL_Driver/Src/stm32f4xx_hal_tim.o
 .debug_aranges
                0x0000000000000928      0x150 Drivers/STM32F4xx_HAL_Driver/Src/stm32f4xx_hal_tim_ex.o
 .debug_aranges
                0x0000000000000a78      0x1d0 Drivers/STM32F4xx_HAL_Driver/Src/stm32f4xx_hal_uart.o

.debug_ranges   0x0000000000000000      0xb70
 .debug_ranges  0x0000000000000000       0x48 Core/Src/main.o
 .debug_ranges  0x0000000000000048       0x78 Core/Src/pb_dp0_pcb.o
 .debug_ranges  0x00000000000000c0       0x30 Core/Src/stm32f4xx_hal_msp.o
 .debug_ranges  0x00000000000000f0       0x88 Core/Src/stm32f4xx_it.o
 .debug_ranges  0x0000000000000178       0x18 Core/Src/system_stm32f4xx.o
 .debug_ranges  0x0000000000000190       0x20 Core/Startup/startup_stm32f407vgtx.o
 .debug_ranges  0x00000000000001b0       0xe0 Drivers/STM32F4xx_HAL_Driver/Src/stm32f4xx_hal.o
 .debug_ranges  0x0000000000000290      0x108 Drivers/STM32F4xx_HAL_Driver/Src/stm32f4xx_hal_cortex.o
 .debug_ranges  0x0000000000000398       0x80 Drivers/STM32F4xx_HAL_Driver/Src/stm32f4xx_hal_dma.o
 .debug_ranges  0x0000000000000418       0x48 Drivers/STM32F4xx_HAL_Driver/Src/stm32f4xx_hal_gpio.o
 .debug_ranges  0x0000000000000460       0x78 Drivers/STM32F4xx_HAL_Driver/Src/stm32f4xx_hal_rcc.o
 .debug_ranges  0x00000000000004d8      0x398 Drivers/STM32F4xx_HAL_Driver/Src/stm32f4xx_hal_tim.o
 .debug_ranges  0x0000000000000870      0x140 Drivers/STM32F4xx_HAL_Driver/Src/stm32f4xx_hal_tim_ex.o
 .debug_ranges  0x00000000000009b0      0x1c0 Drivers/STM32F4xx_HAL_Driver/Src/stm32f4xx_hal_uart.o

.debug_macro    0x0000000000000000    0x2112e
 .debug_macro   0x0000000000000000      0x371 Core/Src/main.o
 .debug_macro   0x0000000000000371      0xa5a Core/Src/main.o
 .debug_macro   0x0000000000000dcb      0x294 Core/Src/main.o
 .debug_macro   0x000000000000105f       0x2e Core/Src/main.o
 .debug_macro   0x000000000000108d       0x2f Core/Src/main.o
 .debug_macro   0x00000000000010bc       0x22 Core/Src/main.o
 .debug_macro   0x00000000000010de       0x8e Core/Src/main.o
 .debug_macro   0x000000000000116c       0x51 Core/Src/main.o
 .debug_macro   0x00000000000011bd       0xef Core/Src/main.o
 .debug_macro   0x00000000000012ac       0x6a Core/Src/main.o
 .debug_macro   0x0000000000001316      0x1df Core/Src/main.o
 .debug_macro   0x00000000000014f5       0x1c Core/Src/main.o
 .debug_macro   0x0000000000001511       0x22 Core/Src/main.o
 .debug_macro   0x0000000000001533       0xdf Core/Src/main.o
 .debug_macro   0x0000000000001612     0x102d Core/Src/main.o
 .debug_macro   0x000000000000263f      0x11f Core/Src/main.o
 .debug_macro   0x000000000000275e    0x15e3c Core/Src/main.o
 .debug_macro   0x000000000001859a       0x43 Core/Src/main.o
 .debug_macro   0x00000000000185dd     0x3659 Core/Src/main.o
 .debug_macro   0x000000000001bc36      0x174 Core/Src/main.o
 .debug_macro   0x000000000001bdaa       0x5a Core/Src/main.o
 .debug_macro   0x000000000001be04      0x96b Core/Src/main.o
 .debug_macro   0x000000000001c76f      0x9fe Core/Src/main.o
 .debug_macro   0x000000000001d16d      0x117 Core/Src/main.o
 .debug_macro   0x000000000001d284      0x13e Core/Src/main.o
 .debug_macro   0x000000000001d3c2       0x27 Core/Src/main.o
 .debug_macro   0x000000000001d3e9      0x174 Core/Src/main.o
 .debug_macro   0x000000000001d55d      0x287 Core/Src/main.o
 .debug_macro   0x000000000001d7e4       0x5f Core/Src/main.o
 .debug_macro   0x000000000001d843      0x236 Core/Src/main.o
 .debug_macro   0x000000000001da79      0x12c Core/Src/main.o
 .debug_macro   0x000000000001dba5      0x21e Core/Src/main.o
 .debug_macro   0x000000000001ddc3       0x2e Core/Src/main.o
 .debug_macro   0x000000000001ddf1      0x11a Core/Src/main.o
 .debug_macro   0x000000000001df0b       0x7e Core/Src/main.o
 .debug_macro   0x000000000001df89       0x89 Core/Src/main.o
 .debug_macro   0x000000000001e012      0x8a0 Core/Src/main.o
 .debug_macro   0x000000000001e8b2       0x47 Core/Src/main.o
 .debug_macro   0x000000000001e8f9      0x287 Core/Src/main.o
 .debug_macro   0x000000000001eb80      0x12d Core/Src/main.o
 .debug_macro   0x000000000001ecad       0x46 Core/Src/main.o
 .debug_macro   0x000000000001ecf3       0x18 Core/Src/main.o
 .debug_macro   0x000000000001ed0b       0x3c Core/Src/main.o
 .debug_macro   0x000000000001ed47       0x34 Core/Src/main.o
 .debug_macro   0x000000000001ed7b       0x16 Core/Src/main.o
 .debug_macro   0x000000000001ed91       0x35 Core/Src/main.o
 .debug_macro   0x000000000001edc6      0x32a Core/Src/main.o
 .debug_macro   0x000000000001f0f0       0x10 Core/Src/main.o
 .debug_macro   0x000000000001f100       0x52 Core/Src/main.o
 .debug_macro   0x000000000001f152       0x1f Core/Src/main.o
 .debug_macro   0x000000000001f171       0x43 Core/Src/main.o
 .debug_macro   0x000000000001f1b4       0x20 Core/Src/main.o
 .debug_macro   0x000000000001f1d4      0x1a3 Core/Src/main.o
 .debug_macro   0x000000000001f377       0x10 Core/Src/main.o
 .debug_macro   0x000000000001f387       0x1c Core/Src/main.o
 .debug_macro   0x000000000001f3a3       0x52 Core/Src/main.o
 .debug_macro   0x000000000001f3f5       0x40 Core/Src/main.o
 .debug_macro   0x000000000001f435       0x10 Core/Src/main.o
 .debug_macro   0x000000000001f445       0x40 Core/Src/main.o
 .debug_macro   0x000000000001f485       0xd7 Core/Src/main.o
 .debug_macro   0x000000000001f55c       0x1c Core/Src/main.o
 .debug_macro   0x000000000001f578       0x3d Core/Src/main.o
 .debug_macro   0x000000000001f5b5       0x16 Core/Src/main.o
 .debug_macro   0x000000000001f5cb      0x145 Core/Src/main.o
 .debug_macro   0x000000000001f710       0x16 Core/Src/main.o
 .debug_macro   0x000000000001f726       0x20 Core/Src/main.o
 .debug_macro   0x000000000001f746       0x22 Core/Src/main.o
 .debug_macro   0x000000000001f768      0x36d Core/Src/pb_dp0_pcb.o
 .debug_macro   0x000000000001fad5      0x1d8 Core/Src/stm32f4xx_hal_msp.o
 .debug_macro   0x000000000001fcad      0x37b Core/Src/stm32f4xx_it.o
 .debug_macro   0x0000000000020028      0x1d4 Core/Src/system_stm32f4xx.o
 .debug_macro   0x00000000000201fc      0x22e Drivers/STM32F4xx_HAL_Driver/Src/stm32f4xx_hal.o
 .debug_macro   0x000000000002042a      0x1ce Drivers/STM32F4xx_HAL_Driver/Src/stm32f4xx_hal_cortex.o
 .debug_macro   0x00000000000205f8      0x1d4 Drivers/STM32F4xx_HAL_Driver/Src/stm32f4xx_hal_dma.o
 .debug_macro   0x00000000000207cc      0x204 Drivers/STM32F4xx_HAL_Driver/Src/stm32f4xx_hal_gpio.o
 .debug_macro   0x00000000000209d0      0x1f2 Drivers/STM32F4xx_HAL_Driver/Src/stm32f4xx_hal_rcc.o
 .debug_macro   0x0000000000020bc2      0x1cf Drivers/STM32F4xx_HAL_Driver/Src/stm32f4xx_hal_tim.o
 .debug_macro   0x0000000000020d91      0x1ce Drivers/STM32F4xx_HAL_Driver/Src/stm32f4xx_hal_tim_ex.o
 .debug_macro   0x0000000000020f5f      0x1cf Drivers/STM32F4xx_HAL_Driver/Src/stm32f4xx_hal_uart.o

.debug_line     0x0000000000000000     0x9290
 .debug_line    0x0000000000000000      0x9a9 Core/Src/main.o
 .debug_line    0x00000000000009a9      0xb47 Core/Src/pb_dp0_pcb.o
 .debug_line    0x00000000000014f0      0x756 Core/Src/stm32f4xx_hal_msp.o
 .debug_line    0x0000000000001c46      0xa63 Core/Src/stm32f4xx_it.o
 .debug_line    0x00000000000026a9      0x6ec Core/Src/system_stm32f4xx.o
 .debug_line    0x0000000000002d95       0x85 Core/Startup/startup_stm32f407vgtx.o
 .debug_line    0x0000000000002e1a      0x8d6 Drivers/STM32F4xx_HAL_Driver/Src/stm32f4xx_hal.o
 .debug_line    0x00000000000036f0      0x9fa Drivers/STM32F4xx_HAL_Driver/Src/stm32f4xx_hal_cortex.o
 .debug_line    0x00000000000040ea      0x9a4 Drivers/STM32F4xx_HAL_Driver/Src/stm32f4xx_hal_dma.o
 .debug_line    0x0000000000004a8e      0x8b5 Drivers/STM32F4xx_HAL_Driver/Src/stm32f4xx_hal_gpio.o
 .debug_line    0x0000000000005343      0x92e Drivers/STM32F4xx_HAL_Driver/Src/stm32f4xx_hal_rcc.o
 .debug_line    0x0000000000005c71     0x194f Drivers/STM32F4xx_HAL_Driver/Src/stm32f4xx_hal_tim.o
 .debug_line    0x00000000000075c0      0xcec Drivers/STM32F4xx_HAL_Driver/Src/stm32f4xx_hal_tim_ex.o
 .debug_line    0x00000000000082ac      0xfe4 Drivers/STM32F4xx_HAL_Driver/Src/stm32f4xx_hal_uart.o

.debug_str      0x0000000000000000    0xc9fc0
 .debug_str     0x0000000000000000    0xc7308 Core/Src/main.o
                                      0xc76f0 (size before relaxing)
 .debug_str     0x00000000000c7308      0x27a Core/Src/pb_dp0_pcb.o
                                      0xc6b34 (size before relaxing)
 .debug_str     0x00000000000c7582       0xa8 Core/Src/stm32f4xx_hal_msp.o
                                      0xc2f70 (size before relaxing)
 .debug_str     0x00000000000c762a      0x139 Core/Src/stm32f4xx_it.o
                                      0xc6fc4 (size before relaxing)
 .debug_str     0x00000000000c7763       0xc4 Core/Src/system_stm32f4xx.o
                                      0xc241a (size before relaxing)
 .debug_str     0x00000000000c7827       0x36 Core/Startup/startup_stm32f407vgtx.o
                                         0x52 (size before relaxing)
 .debug_str     0x00000000000c785d      0x58d Drivers/STM32F4xx_HAL_Driver/Src/stm32f4xx_hal.o
                                      0xc2ee7 (size before relaxing)
 .debug_str     0x00000000000c7dea      0x394 Drivers/STM32F4xx_HAL_Driver/Src/stm32f4xx_hal_cortex.o
                                      0xc2cd6 (size before relaxing)
 .debug_str     0x00000000000c817e      0x318 Drivers/STM32F4xx_HAL_Driver/Src/stm32f4xx_hal_dma.o
                                      0xc282f (size before relaxing)
 .debug_str     0x00000000000c8496      0x20c Drivers/STM32F4xx_HAL_Driver/Src/stm32f4xx_hal_gpio.o
                                      0xc2659 (size before relaxing)
 .debug_str     0x00000000000c86a2      0x259 Drivers/STM32F4xx_HAL_Driver/Src/stm32f4xx_hal_rcc.o
                                      0xc2807 (size before relaxing)
 .debug_str     0x00000000000c88fb      0xd0d Drivers/STM32F4xx_HAL_Driver/Src/stm32f4xx_hal_tim.o
                                      0xc3526 (size before relaxing)
 .debug_str     0x00000000000c9608      0x4a2 Drivers/STM32F4xx_HAL_Driver/Src/stm32f4xx_hal_tim_ex.o
                                      0xc2d26 (size before relaxing)
 .debug_str     0x00000000000c9aaa      0x516 Drivers/STM32F4xx_HAL_Driver/Src/stm32f4xx_hal_uart.o
                                      0xc2c66 (size before relaxing)

.comment        0x0000000000000000       0x7b
 .comment       0x0000000000000000       0x7b Core/Src/main.o
                                         0x7c (size before relaxing)
 .comment       0x000000000000007b       0x7c Core/Src/pb_dp0_pcb.o
 .comment       0x000000000000007b       0x7c Core/Src/stm32f4xx_hal_msp.o
 .comment       0x000000000000007b       0x7c Core/Src/stm32f4xx_it.o
 .comment       0x000000000000007b       0x7c Core/Src/system_stm32f4xx.o
 .comment       0x000000000000007b       0x7c Drivers/STM32F4xx_HAL_Driver/Src/stm32f4xx_hal.o
 .comment       0x000000000000007b       0x7c Drivers/STM32F4xx_HAL_Driver/Src/stm32f4xx_hal_cortex.o
 .comment       0x000000000000007b       0x7c Drivers/STM32F4xx_HAL_Driver/Src/stm32f4xx_hal_dma.o
 .comment       0x000000000000007b       0x7c Drivers/STM32F4xx_HAL_Driver/Src/stm32f4xx_hal_gpio.o
 .comment       0x000000000000007b       0x7c Drivers/STM32F4xx_HAL_Driver/Src/stm32f4xx_hal_rcc.o
 .comment       0x000000000000007b       0x7c Drivers/STM32F4xx_HAL_Driver/Src/stm32f4xx_hal_tim.o
 .comment       0x000000000000007b       0x7c Drivers/STM32F4xx_HAL_Driver/Src/stm32f4xx_hal_tim_ex.o
 .comment       0x000000000000007b       0x7c Drivers/STM32F4xx_HAL_Driver/Src/stm32f4xx_hal_uart.o

.debug_frame    0x0000000000000000     0x3358
 .debug_frame   0x0000000000000000      0x114 Core/Src/main.o
 .debug_frame   0x0000000000000114      0x1f4 Core/Src/pb_dp0_pcb.o
 .debug_frame   0x0000000000000308       0xc8 Core/Src/stm32f4xx_hal_msp.o
 .debug_frame   0x00000000000003d0      0x1d0 Core/Src/stm32f4xx_it.o
 .debug_frame   0x00000000000005a0       0x58 Core/Src/system_stm32f4xx.o
 .debug_frame   0x00000000000005f8      0x374 Drivers/STM32F4xx_HAL_Driver/Src/stm32f4xx_hal.o
 .debug_frame   0x000000000000096c      0x498 Drivers/STM32F4xx_HAL_Driver/Src/stm32f4xx_hal_cortex.o
 .debug_frame   0x0000000000000e04      0x250 Drivers/STM32F4xx_HAL_Driver/Src/stm32f4xx_hal_dma.o
 .debug_frame   0x0000000000001054      0x14c Drivers/STM32F4xx_HAL_Driver/Src/stm32f4xx_hal_gpio.o
 .debug_frame   0x00000000000011a0      0x1f0 Drivers/STM32F4xx_HAL_Driver/Src/stm32f4xx_hal_rcc.o
 .debug_frame   0x0000000000001390     0x10f0 Drivers/STM32F4xx_HAL_Driver/Src/stm32f4xx_hal_tim.o
 .debug_frame   0x0000000000002480      0x5c0 Drivers/STM32F4xx_HAL_Driver/Src/stm32f4xx_hal_tim_ex.o
 .debug_frame   0x0000000000002a40      0x844 Drivers/STM32F4xx_HAL_Driver/Src/stm32f4xx_hal_uart.o
 .debug_frame   0x0000000000003284       0x2c x:/stm32cubeide_1.5.0/stm32cubeide/plugins/com.st.stm32cube.ide.mcu.externaltools.gnu-tools-for-stm32.7-2018-q2-update.win32_1.5.0.202011040924/tools/bin/../lib/gcc/arm-none-eabi/7.3.1/../../../../arm-none-eabi/lib/thumb/v7e-m/fpv4-sp/hard\libc_nano.a(lib_a-init.o)
 .debug_frame   0x00000000000032b0       0x28 x:/stm32cubeide_1.5.0/stm32cubeide/plugins/com.st.stm32cube.ide.mcu.externaltools.gnu-tools-for-stm32.7-2018-q2-update.win32_1.5.0.202011040924/tools/bin/../lib/gcc/arm-none-eabi/7.3.1/../../../../arm-none-eabi/lib/thumb/v7e-m/fpv4-sp/hard\libc_nano.a(lib_a-memcpy-stub.o)
 .debug_frame   0x00000000000032d8       0x20 x:/stm32cubeide_1.5.0/stm32cubeide/plugins/com.st.stm32cube.ide.mcu.externaltools.gnu-tools-for-stm32.7-2018-q2-update.win32_1.5.0.202011040924/tools/bin/../lib/gcc/arm-none-eabi/7.3.1/../../../../arm-none-eabi/lib/thumb/v7e-m/fpv4-sp/hard\libc_nano.a(lib_a-memset.o)
 .debug_frame   0x00000000000032f8       0x2c x:/stm32cubeide_1.5.0/stm32cubeide/plugins/com.st.stm32cube.ide.mcu.externaltools.gnu-tools-for-stm32.7-2018-q2-update.win32_1.5.0.202011040924/tools/bin/../lib/gcc/arm-none-eabi/7.3.1/thumb/v7e-m/fpv4-sp/hard\libgcc.a(_aeabi_uldivmod.o)
 .debug_frame   0x0000000000003324       0x34 x:/stm32cubeide_1.5.0/stm32cubeide/plugins/com.st.stm32cube.ide.mcu.externaltools.gnu-tools-for-stm32.7-2018-q2-update.win32_1.5.0.202011040924/tools/bin/../lib/gcc/arm-none-eabi/7.3.1/thumb/v7e-m/fpv4-sp/hard\libgcc.a(_udivmoddi4.o)
