pb_dp0_pcb.h:375:22:minTSDR_start	4	static
pb_dp0_pcb.h:420:22:WDOG_stop	8	static
pb_dp0_pcb.h:444:22:pb_dp0_pcb_unlock	8	static
stm32f4xx_it.c:74:6:NMI_Handler	4	static
stm32f4xx_it.c:89:6:HardFault_Handler	4	static
stm32f4xx_it.c:104:6:MemManage_Handler	4	static
stm32f4xx_it.c:119:6:BusFault_Handler	4	static
stm32f4xx_it.c:134:6:UsageFault_Handler	4	static
stm32f4xx_it.c:149:6:SVC_Handler	4	static
stm32f4xx_it.c:162:6:DebugMon_Handler	4	static
stm32f4xx_it.c:175:6:PendSV_Handler	4	static
stm32f4xx_it.c:188:6:SysTick_Handler	8	static
stm32f4xx_it.c:209:6:USART1_IRQHandler	8	static
stm32f4xx_it.c:228:6:TIM5_IRQHandler	8	static
stm32f4xx_it.c:246:6:DMA2_Stream2_IRQHandler	8	static
stm32f4xx_it.c:260:6:DMA2_Stream7_IRQHandler	4	static
